test_form_submission (test_boston_newyork_flightselect.TestBostonNewYork.test_form_submission): SUCCESS
test_form_submission (test_mexicocity_berlin_flightselect.MexicoCityBerlin.test_form_submission): SUCCESS
test_form_submission (test_mexicocity_buenosaires_flightselect.MexicoCityBuenosAires.test_form_submission): SUCCESS
test_form_submission (test_mexicocity_cairo_flightselect.MexicoCityCairo.test_form_submission): SUCCESS
test_form_submission (test_mexicocity_dublin_flightselect.MexicoCityDublin.test_form_submission): SUCCESS
test_form_submission (test_mexicocity_london_flightselect.MexicoCityLondon.test_form_submission): SUCCESS
test_form_submission (test_mexicocity_newyork_flightselect.MexicoCityNewYork.test_form_submission): SUCCESS
test_form_submission (test_mexicocity_rome_flightselect.MexicoCityRome.test_form_submission): SUCCESS
test_search_in_python_org (test_portland_berlin_flightselect.PythonOrgSearch.test_search_in_python_org): SUCCESS
test_form_submission (test_sandiego_berlin_flightselect.SanDiegoBerlin.test_form_submission): SUCCESS
test_form_submission (test_sandiego_buenosaires_flightselect.SanDiegoBuenosAires.test_form_submission): SUCCESS
test_form_submission (test_sandiego_cairo_flightselect.SanDiegoCairo.test_form_submission): SUCCESS
test_form_submission (test_sandiego_dublin_flightselect.SanDiegoDublin.test_form_submission): SUCCESS
test_form_submission (test_sandiego_newyork_flightselect.SanDiegoNewYork.test_form_submission): SUCCESS
test_form_submission (test_sandiego_rome_flightselect.SanDiegoRome.test_form_submission): SUCCESS
